// Jest Snapshot v1, https://goo.gl/fbAQLP

exports[`<HomePage /> Should match snapshot 1`] = `
<div>
  <div>
    rnwpoc-web-y
  </div>
  <div
    class="css-view-175oi2r r-cursor-1loqt21 r-touchAction-1otgn73 r-backgroundColor-svk53m"
    tabindex="0"
  >
    <div
      class="css-text-146c3p1"
      dir="auto"
    >
      This is an RNW button
    </div>
  </div>
  <div
    class="css-text-146c3p1 r-fontFamily-102yv63 r-fontSize-adyw6z r-fontWeight-1kfrs79 r-lineHeight-vrz42v r-backgroundColor-svk53m"
    dir="auto"
  >
    This is a Paragraph
  </div>
  <button>
    This is an HTML5 button
  </button>
</div>
`;
